q22.txt 22. Check the connection of the nginx pod from the busybox pod


mahsan@k8s-master:~/project/k8-repo/techcode/projects/ckad/Q-ckad$ kubectl get pods -o wide
NAME                                READY   STATUS        RESTARTS   AGE     IP              NODE                     NOMINATED NODE   READINESS GATES
busybox                             1/1     Running       0          21m     172.16.182.31   k8s-node-0.example.com   <none>           <none>
nginx                               1/1     Running       0          7m25s   172.16.182.32   k8s-node-0.example.com   <none>           <none>
nginx-deployment-6b474476c4-hhtwq   0/1     Terminating   0          39m     <none>          k8s-node-1.example.com   <none>           <none>
nginx-deployment-6b474476c4-rblv8   0/1     Terminating   0          39m     <none>          k8s-node-1.example.com   <none>           <none>
nginx-deployment-6b474476c4-w72th   0/1     Terminating   0          39m     <none>          k8s-node-1.example.com   <none>           <none>
nginx-web-7748f7f978-2gpqc          0/1     Terminating   0          39m     <none>          k8s-node-1.example.com   <none>           <none>
nginx-web-7748f7f978-2pxs4          0/1     Terminating   0          39m     <none>          k8s-node-1.example.com   <none>           <none>
nginx-web-7748f7f978-6fd6n          0/1     Terminating   0          39m     <none>          k8s-node-1.example.com   <none>           <none>
nginx-web-7748f7f978-vws4w          0/1     Terminating   0          39m     <none>          k8s-node-1.example.com   <none>           <none>
mahsan@k8s-master:~/project/k8-repo/techcode/projects/ckad/Q-ckad$ kubectl exec -it busybox -- nslookup 172.16.182.32
Server:         10.96.0.10
Address:        10.96.0.10:53

** server can't find 32.182.16.172.in-addr.arpa: NXDOMAIN

command terminated with exit code 1
mahsan@k8s-master:~/project/k8-repo/techcode/projects/ckad/Q-ckad$ kubectl exec -it busybox -- wget -o-  172.16.182.32
Connecting to 172.16.182.32 (172.16.182.32:80)
wget: can't open 'index.html': File exists
command terminated with exit code 1
mahsan@k8s-master:~/project/k8-repo/techcode/projects/ckad/Q-ckad$ rm index.html
rm: cannot remove 'index.html': No such file or directory
mahsan@k8s-master:~/project/k8-repo/techcode/projects/ckad/Q-ckad$ ls
nginx-pod.yaml  q12.txt  q14.txt  q16.txt  q19.txt  q21.txt  q2.txt  q4.txt  q6b.txt  q8.txt
nodes.txt       q13.txt  q15.txt  q17.txt  q1.txt   q22.txt  q3.txt  q5.txt  q6.txt   q9.txt
mahsan@k8s-master:~/project/k8-repo/techcode/projects/ckad/Q-ckad$ kubectl exec -it busybox -- wget -o-  172.16.182.32
Connecting to 172.16.182.32 (172.16.182.32:80)
wget: can't open 'index.html': File exists
command terminated with exit code 1
