Core Concepts

Creating a Pod and Inspecting it;

Create the namespace ckad-prep.

In the namespace ckad-prep create a new Pod named mypod with the image nginx:2.3.5. Expose the port 80.

Identify the issue with creating the container. Write down the root cause of issue in a file named pod-error.txt.

Change the image of the Pod to nginx:1.15.12.

List the Pod and ensure that the container is running.

Log into the container and run the ls command. Write down the output. Log out of the container.

Retrieve the IP address of the Pod mypod.

Run a temporary Pod using the image busybox, shell into it and run a wget command against the nginx Pod using port 80.

Render the logs of Pod mypod.

Delete the Pod and the namespace.

@@@@

mahsan@K8s-master:~$ k create ns ckad-prep
namespace/ckad-prep created
mahsan@K8s-master:~$ k get ns
NAME              STATUS   AGE
ckad-prep         Active   3s
default           Active   9d
kube-node-lease   Active   9d
kube-public       Active   9d
kube-system       Active   9d
mahsan@K8s-master:~$

mahsan@K8s-master:~$ k run mypod --image=2.3.5 --port=80 -n ckad-prep --restart=Never
pod/mypod created
mahsan@K8s-master:~$ k get pods
NAME                     READY   STATUS    RESTARTS   AGE
nginx                    0/1     Error     0          5d
nginx-6799fc88d8-vnhc7   1/1     Running   3          9d
 
mahsan@K8s-master:~$ k get pods -n ckad-prep
NAME    READY   STATUS             RESTARTS   AGE
mypod   0/1     ImagePullBackOff   0          17s
mahsan@K8s-master:~$


mahsan@K8s-master:~$ k describe pod mypod -n ckad-prep |  grep -C 5 Events:
    Optional:    false
QoS Class:       BestEffort
Node-Selectors:  <none>
Tolerations:     node.kubernetes.io/not-ready:NoExecute op=Exists for 300s
                 node.kubernetes.io/unreachable:NoExecute op=Exists for 300s
Events:
  Type     Reason          Age                 From               Message
  ----     ------          ----                ----               -------
  Normal   Scheduled       116s                default-scheduler  Successfully assigned ckad-prep/mypod to k8s-node-0
  Normal   SandboxChanged  113s                kubelet            Pod sandbox changed, it will be killed and re-created.
  Warning  Failed          69s (x3 over 113s)  kubelet            Failed to pull image "2.3.5": rpc error: code = Unknown desc = Error response from daemon: pull access denied for 2.3.5, repository does not exist or may require 'docker login': denied: requested access to the resource is denied
mahsan@K8s-master:~$

mahsan@K8s-master:~$ k -n ckad-prep edit pod mypod
pod/mypod edited
mahsan@K8s-master:~$ k get pod -n ckad-prep
NAME    READY   STATUS    RESTARTS   AGE
mypod   1/1     Running   0          4m58s

mahsan@K8s-master:~$ kubectl -n ckad-prep exec -it mypod -- /bin/sh
# ls
bin  boot  dev  etc  home  lib  lib64  media  mnt  opt  proc  root  run  sbin  srv  sys  tmp  usr  var
#

mahsan@K8s-master:~$ kubectl -n ckad-prep exec -it mypod -- ls
bin   dev  home  lib64  mnt  proc  run   srv  tmp  var
boot  etc  lib   media  opt  root  sbin  sys  usr
mahsan@K8s-master:~$ kubectl -n ckad-prep exec -it mypod -- uname -n
mypod
mahsan@K8s-master:~$ kubectl -n ckad-prep exec -it mypod -- uname -r
5.4.0-48-generic


mahsan@K8s-master:~$ kubectl -n ckad-prep exec -it mypod -- hostname
mahsan@K8s-master:~$ k -n ckad-prep get pods -o wide
NAME    READY   STATUS    RESTARTS   AGE   IP              NODE         NOMINATED NODE   READINESS GATES
mypod   1/1     Running   0          13m   172.16.11.199   k8s-node-0   <none>           <none>
mahsan@K8s-master:~$ k -n ckad-prep run busybox --image=busybox --rm -it --restart=Never -- wget -o- 172.16.11.199:80
Connecting to 172.16.11.199:80 (172.16.11.199:80)
saving to 'index.html'
index.html           100% |********************************|   612  0:00:00 ETA
'index.html' saved
pod "busybox" deleted

mahsan@K8s-master:~$ k -n ckad-prep logs mypod
172.16.109.76 - - [13/Oct/2020:02:57:00 +0000] "GET / HTTP/1.1" 200 612 "-" "Wget" "-"
mahsan@K8s-master:~$ k delete pod mypod -n ckad-prep
pod "mypod" deleted
mahsan@K8s-master:~$ k get pod -n ckad-prep
No resources found in ckad-prep namespace.
mahsan@K8s-master:~$




